// Jest Snapshot v1, https://goo.gl/fbAQLP

exports[`Current Apartment should match the snapshot 1`] = `
<CurrApt
  currApt={
    Object {
      "aptType": "Entire home/apt",
      "hood": "Long Island City",
      "id": 21530562,
      "lat": 40.75358595672167,
      "long": -73.93849189432474,
      "name": "Modern Cozy & Clean Private 3 Bedroom Mins to NYC",
      "numReviews": 60,
      "price": 300,
      "reviewsPerMonth": 3.21,
    }
  }
/>
`;
